
> react-kavia@0.1.0 start
> cross-env EDIT_MODE=true webpack serve --config .ve/webpack.config.js --mode development

<i> [webpack-dev-server] Project is running at:
<i> [webpack-dev-server] Loopback: http://localhost:3000/, http://[::1]:3000/
<i> [webpack-dev-server] On Your Network (IPv4): http://172.17.0.2:3000/
<i> [webpack-dev-server] Content not from webpack is served from './public' directory
Injecting EditorRootWrapper import: ../.ve/EditorRootWrapper
asset bundle.js 1.42 MiB [emitted] (name: main)
asset index.html 1.92 KiB [emitted]
runtime modules 27.5 KiB 14 modules
modules by path ./node_modules/ 1.24 MiB 31 modules
modules by path ./src/ 35.4 KiB
  modules by path ./src/*.css 12 KiB 4 modules
  modules by path ./src/*.js 1.89 KiB
    ./src/index.js 530 bytes [built] [code generated]
    ./src/App.js 1.37 KiB [built] [code generated]
  ./src/components/MainContainer.js 21.6 KiB [built] [code generated]
modules by path ./.ve/ 15.1 KiB
  modules by path ./.ve/*.js 10.6 KiB 2 modules
  modules by path ./.ve/*.css 2.93 KiB
    ./.ve/EditorOverlay.css 2.25 KiB [built] [code generated]
    ./node_modules/css-loader/dist/cjs.js!./.ve/EditorOverlay.css 697 bytes [built] [code generated]
  ./.ve/EditorOverlay.jsx 1.58 KiB [built] [code generated]
webpack 5.99.9 compiled successfully in 1455 ms
assets by status 1.92 KiB [cached] 1 asset
assets by path *.js 1.45 MiB
  asset bundle.js 1.42 MiB [emitted] (name: main)
  asset main.05af066b0b1c1b436e4e.hot-update.js 27.7 KiB [emitted] [immutable] [hmr] (name: main)
asset main.05af066b0b1c1b436e4e.hot-update.json 28 bytes [emitted] [immutable] [hmr]
Entrypoint main 1.45 MiB = bundle.js 1.42 MiB main.05af066b0b1c1b436e4e.hot-update.js 27.7 KiB
cached modules 1.27 MiB [cached] 42 modules
runtime modules 27.5 KiB 14 modules
./src/components/MainContainer.js 22.4 KiB [built] [code generated]
webpack 5.99.9 compiled successfully in 146 ms
assets by status 1.92 KiB [cached] 1 asset
assets by path *.js 1.45 MiB
  asset bundle.js 1.42 MiB [emitted] (name: main)
  asset main.ebd8af68ae810ae13806.hot-update.js 28.4 KiB [emitted] [immutable] [hmr] (name: main)
asset main.ebd8af68ae810ae13806.hot-update.json 28 bytes [emitted] [immutable] [hmr]
Entrypoint main 1.45 MiB = bundle.js 1.42 MiB main.ebd8af68ae810ae13806.hot-update.js 28.4 KiB
cached modules 1.27 MiB [cached] 42 modules
runtime modules 27.5 KiB 14 modules
./src/components/MainContainer.js 23 KiB [built] [code generated]
webpack 5.99.9 compiled successfully in 94 ms
assets by status 1.92 KiB [cached] 1 asset
assets by path *.js 1.45 MiB
  asset bundle.js 1.42 MiB [emitted] (name: main)
  asset main.785861da241331f53dde.hot-update.js 28.5 KiB [emitted] [immutable] [hmr] (name: main)
asset main.785861da241331f53dde.hot-update.json 28 bytes [emitted] [immutable] [hmr]
Entrypoint main 1.45 MiB = bundle.js 1.42 MiB main.785861da241331f53dde.hot-update.js 28.5 KiB
cached modules 1.27 MiB [cached] 42 modules
runtime modules 27.5 KiB 14 modules
./src/components/MainContainer.js 23 KiB [built] [code generated]
webpack 5.99.9 compiled successfully in 89 ms
assets by status 1.92 KiB [cached] 1 asset
assets by path *.js 1.45 MiB
  asset bundle.js 1.42 MiB [emitted] (name: main)
  asset main.b3119394b93c2a1db2bf.hot-update.js 29.6 KiB [emitted] [immutable] [hmr] (name: main)
asset main.b3119394b93c2a1db2bf.hot-update.json 28 bytes [emitted] [immutable] [hmr]
Entrypoint main 1.45 MiB = bundle.js 1.42 MiB main.b3119394b93c2a1db2bf.hot-update.js 29.6 KiB
cached modules 1.27 MiB [cached] 42 modules
runtime modules 27.5 KiB 14 modules
./src/components/MainContainer.js 24 KiB [built] [code generated]
webpack 5.99.9 compiled successfully in 74 ms
